<html>
<head>
<title>Title</title>
</head>
<body>
<h1 style="margin:2px">Hi!</h1>
<p><strong style="margin:2px">Yes!</strong></p>
</body>
</html>
