<html>
<head>
<title>Title</title>
</head>
<body>
<h1 style="color:red">Hi!</h1>
</body>
</html>
