<html>
<head>
<style type="text/css">a:hover{border:1px solid green}
a:visited{border:1px solid green}
p::first-letter{float:left;font-size:300%}
</style>
</head>
<body>
<p style="color:blue">First Paragraph</p>
<p>Second Paragraph</p>
<a href="#" style="color:red;border:1px solid green">Page</a>
</body>
</html>
