<html>
<head>
<title>Title</title>
</head>
<body>
<h1 style="font-family:sans-serif">Hi!</h1>
<p><strong style="font-family:sans-serif">Yes!</strong></p>
</body>
</html>
