<html>
<head>
</head>
<body>
<p style="text-align:center" align="center">Text</p>
<table style="width:200px" width="200">
  <tr>
    <td style="background-color:red" bgcolor="red">Cell 1</td>
    <td style="background-color:red" bgcolor="red">Cell 2</td>
  </tr>
</table>
</body>
</html>
