<html>
<head>
<title>Title</title>
</head>
<body style="color:#123;background:url(http://example.com/bg.png);font-family:Omerta">
<h1>Hi!</h1>
</body>
</html>
