<html>
<head>
<title>Title</title>
</head>
<body>
<img src="http://kungfupeople.com/images/foo.jpg">
<img src="http://kungfupeople.com/images/bar.gif">
<img src="http://www.googe.com/photos/foo.jpg">
<a href="http://kungfupeople.com/home">Home</a>
<a href="http://www.peterbe.com">External</a>
<a href="http://kungfupeople.com/subpage">Subpage</a>
<a href="#internal_link">Internal Link</a>
</body>
</html>
