<html>
<head></head>
<body>
<h1 style="color:#123">Hi!</h1>
</body>
</html>
