<html>
<head>
<style type="text/css">a:hover{text-decoration:none}
a:hover{border:1px solid green}
a:visited{border:1px solid green}
p::first-letter{float:left;font-size:300%}
</style>
</head>
<body>
<a href="#" style="color:red;border:1px solid green">Page</a>
<p>Paragraph</p>
</body>
</html>
