<html>
<head>
<title>Title</title>
</head>
<body>
<h1 style="color:red">Hi!</h1>
<p><strong style="text-decoration:none">Yes!</strong></p>
<a name="foo"></a>
</body>
</html>
